<html>
<body>
<pre>
<h1>µVision Build Log</h1>
<h2>Project:</h2>
C:\Users\zacan\Dropbox\School\EE445L\ValvanoWare\ValvanoWareTM4C123\PWM_4C123\PWM.uvproj
Project File Date:  04/16/2018

<h2>Output:</h2>
Build target 'PWM'
compiling PWM.c...
compiling PWMtest.c...
linking...
Program Size: Code=1932 RO-data=16 RW-data=0 ZI-data=1120  
".\PWM.axf" - 0 Error(s), 0 Warning(s).
Load "C:\\Users\\zacan\\Dropbox\\School\\EE445L\\ValvanoWare\\ValvanoWareTM4C123\\PWM_4C123\\PWM.axf" 
Connecting: Mode=JTAG, Speed=1000000Hz
Erase Done.
Programming Done.
Verify OK.
ash Download failed  -  Target DLL has been cancelled
Load "C:\\Users\\zacan\\Dropbox\\School\\EE445L\\ValvanoWare\\ValvanoWareTM4C123\\PWM_4C123\\PWM.axf" 
Connecting: Mode=JTAG, Speed=1000000Hz
Erase Done.
Programming Done.
Verify OK.
