<html>
<body>
<pre>
<h1>µVision Build Log</h1>
<h2>Project:</h2>
C:\Users\zacan\Dropbox\School\EE445L\ValvanoWare\GitHub\Lab11\UART_4C123\UART.uvproj
Project File Date:  04/30/2018

<h2>Output:</h2>
Build target 'UART'
compiling nRF42L01+.c...
linking...
Program Size: Code=1476 RO-data=16 RW-data=0 ZI-data=1120  
".\UART.axf" - 0 Error(s), 0 Warning(s).
Load "C:\\Users\\zacan\\Dropbox\\School\\EE445L\\ValvanoWare\\GitHub\\Lab11\\UART_4C123\\UART.axf" 
Connecting: Mode=JTAG, Speed=1000000Hz
Erase Done.
Programming Done.
Verify OK.
</pre>
</body>
</html>
eferenced
    uint32_t n;
UARTTestMain.c: 3 warnings, 0 errors
compiling nRF42L01+.c...
linking...
Program Size: Code=1476 RO-data=16 RW-data=0 ZI-data=1120  
".\UART.axf" - 0 Error(s), 3 Warning(s).
Load "C:\\Users\\zacan\\Dropbox\\School\\EE445L\\ValvanoWare\\GitHub\\Lab11\\UART_4C123\\UART.axf" 
Connecting: Mode=JTAG, Speed=1000000Hz
Erase Done.
Programming Done.
Verify OK.
a=16 RW-data=0 ZI-data=1120  
".\UART.axf" - 0 Error(s), 5 Warning(s).
Load "C:\\Users\\zacan\\Dropbox\\School\\EE445L\\ValvanoWare\\GitHub\\Lab11\\UART_4C123\\UART.axf" 
Connecting: Mode=JTAG, Speed=1000000Hz
Erase Done.
Programming Done.
Verify OK.
arning(s).
