<html>
<body>
<pre>
<h1>µVision Build Log</h1>
<h2>Project:</h2>
C:\Users\zacan\Dropbox\School\EE445L\ValvanoWare\GitHub\Lab3\Lab3\ST7735.uvproj
Project File Date:  02/12/2018

<h2>Output:</h2>
Build target 'ST7735'
linking...
Program Size: Code=6752 RO-data=26540 RW-data=96 ZI-data=1040  
".\ST7735.axf" - 0 Error(s), 0 Warning(s).
tch.c(27): warning:  #550-D: variable "delay" was set but never used
        uint32_t delay;
switch.c: 2 warnings, 0 errors
linking...
Program Size: Code=6752 RO-data=26540 RW-data=96 ZI-data=1040  
".\ST7735.axf" - 0 Error(s), 2 Warning(s).
Load "C:\\Users\\zacan\\Dropbox\\School\\EE445L\\ValvanoWare\\GitHub\\Lab3\\Lab3\\ST7735.axf" 
Connecting: Mode=JTAG, Speed=1000000Hz
Erase Done.
Programming Done.
Verify OK.
