<html>
<body>
<pre>
<h1>µVision Build Log</h1>
<h2>Project:</h2>
C:\Users\zacan\Dropbox\School\EE445L\ValvanoWare\GitHub\Lab3\Lab3\ST7735.uvproj
Project File Date:  02/07/2018

<h2>Output:</h2>
Build target 'ST7735'
compiling switch.c...
switch.c(21): warning:  #550-D: variable "delay" was set but never used
        uint32_t delay;
switch.c: 1 warning, 0 errors
linking...
Program Size: Code=4836 RO-data=26540 RW-data=88 ZI-data=1024  
".\ST7735.axf" - 0 Error(s), 1 Warning(s).
Load "C:\\Users\\zacan\\Dropbox\\School\\EE445L\\ValvanoWare\\GitHub\\Lab3\\Lab3\\ST7735.axf" 
Connecting: Mode=JTAG, Speed=1000000Hz
Erase Done.
Programming Done.
Verify OK.
e.
Programming Done.
Verify OK.
