ARM Linker, 5.03 [Build 76] [MDK-ARM Lite]

==============================================================================

Section Cross References

    startup.o(RESET) refers to startup.o(STACK) for StackMem
    startup.o(RESET) refers to switch.o(i.GPIOPortB_Handler) for GPIOPortB_Handler
    startup.o(RESET) refers to timer.o(i.Timer0A_Handler) for Timer0A_Handler
    startup.o(RESET) refers to timer.o(i.Timer1A_Handler) for Timer1A_Handler
    startup.o(RESET) refers to switch.o(i.GPIOPortF_Handler) for GPIOPortF_Handler
    startup.o(RESET) refers to entry.o(.ARM.Collect$$$$00000000) for __main
    st7735.o(i.Output_Clear) refers to st7735.o(i.ST7735_FillScreen) for ST7735_FillScreen
    st7735.o(i.Output_Color) refers to st7735.o(i.ST7735_SetTextColor) for ST7735_SetTextColor
    st7735.o(i.Output_Init) refers to st7735.o(i.ST7735_InitR) for ST7735_InitR
    st7735.o(i.Output_Init) refers to st7735.o(i.ST7735_FillScreen) for ST7735_FillScreen
    st7735.o(i.Output_Off) refers to st7735.o(i.Output_Clear) for Output_Clear
    st7735.o(i.Output_On) refers to st7735.o(i.Output_Init) for Output_Init
    st7735.o(i.ST7735_DrawBitmap) refers to st7735.o(i.setAddrWindow) for setAddrWindow
    st7735.o(i.ST7735_DrawBitmap) refers to st7735.o(i.writedata) for writedata
    st7735.o(i.ST7735_DrawBitmap) refers to st7735.o(.data) for _width
    st7735.o(i.ST7735_DrawChar) refers to st7735.o(i.setAddrWindow) for setAddrWindow
    st7735.o(i.ST7735_DrawChar) refers to st7735.o(i.pushColor) for pushColor
    st7735.o(i.ST7735_DrawChar) refers to st7735.o(.data) for _width
    st7735.o(i.ST7735_DrawChar) refers to st7735.o(.constdata) for Font
    st7735.o(i.ST7735_DrawCharS) refers to st7735.o(i.ST7735_DrawPixel) for ST7735_DrawPixel
    st7735.o(i.ST7735_DrawCharS) refers to st7735.o(i.ST7735_FillRect) for ST7735_FillRect
    st7735.o(i.ST7735_DrawCharS) refers to st7735.o(.data) for _width
    st7735.o(i.ST7735_DrawCharS) refers to st7735.o(.constdata) for Font
    st7735.o(i.ST7735_DrawFastHLine) refers to st7735.o(i.setAddrWindow) for setAddrWindow
    st7735.o(i.ST7735_DrawFastHLine) refers to st7735.o(i.writedata) for writedata
    st7735.o(i.ST7735_DrawFastHLine) refers to st7735.o(.data) for _width
    st7735.o(i.ST7735_DrawFastVLine) refers to st7735.o(i.setAddrWindow) for setAddrWindow
    st7735.o(i.ST7735_DrawFastVLine) refers to st7735.o(i.writedata) for writedata
    st7735.o(i.ST7735_DrawFastVLine) refers to st7735.o(.data) for _width
    st7735.o(i.ST7735_DrawPixel) refers to st7735.o(i.setAddrWindow) for setAddrWindow
    st7735.o(i.ST7735_DrawPixel) refers to st7735.o(i.pushColor) for pushColor
    st7735.o(i.ST7735_DrawPixel) refers to st7735.o(.data) for _width
    st7735.o(i.ST7735_DrawString) refers to st7735.o(i.ST7735_DrawCharS) for ST7735_DrawCharS
    st7735.o(i.ST7735_FillRect) refers to st7735.o(i.setAddrWindow) for setAddrWindow
    st7735.o(i.ST7735_FillRect) refers to st7735.o(i.writedata) for writedata
    st7735.o(i.ST7735_FillRect) refers to st7735.o(.data) for _width
    st7735.o(i.ST7735_FillScreen) refers to st7735.o(i.ST7735_FillRect) for ST7735_FillRect
    st7735.o(i.ST7735_FillScreen) refers to st7735.o(.data) for _height
    st7735.o(i.ST7735_InitB) refers to st7735.o(i.commonInit) for commonInit
    st7735.o(i.ST7735_InitB) refers to st7735.o(i.ST7735_SetCursor) for ST7735_SetCursor
    st7735.o(i.ST7735_InitB) refers to st7735.o(i.ST7735_FillScreen) for ST7735_FillScreen
    st7735.o(i.ST7735_InitB) refers to st7735.o(.constdata) for Bcmd
    st7735.o(i.ST7735_InitB) refers to st7735.o(.data) for StTextColor
    st7735.o(i.ST7735_InitR) refers to st7735.o(i.commonInit) for commonInit
    st7735.o(i.ST7735_InitR) refers to st7735.o(i.commandList) for commandList
    st7735.o(i.ST7735_InitR) refers to st7735.o(i.writecommand) for writecommand
    st7735.o(i.ST7735_InitR) refers to st7735.o(i.writedata) for writedata
    st7735.o(i.ST7735_InitR) refers to st7735.o(i.ST7735_SetCursor) for ST7735_SetCursor
    st7735.o(i.ST7735_InitR) refers to st7735.o(i.ST7735_FillScreen) for ST7735_FillScreen
    st7735.o(i.ST7735_InitR) refers to st7735.o(.constdata) for Rcmd1
    st7735.o(i.ST7735_InitR) refers to st7735.o(.data) for ColStart
    st7735.o(i.ST7735_InvertDisplay) refers to st7735.o(i.writecommand) for writecommand
    st7735.o(i.ST7735_OutChar) refers to st7735.o(i.ST7735_DrawString) for ST7735_DrawString
    st7735.o(i.ST7735_OutChar) refers to st7735.o(i.ST7735_DrawCharS) for ST7735_DrawCharS
    st7735.o(i.ST7735_OutChar) refers to st7735.o(.data) for StY
    st7735.o(i.ST7735_OutString) refers to st7735.o(i.ST7735_OutChar) for ST7735_OutChar
    st7735.o(i.ST7735_OutUDec) refers to st7735.o(i.fillmessage) for fillmessage
    st7735.o(i.ST7735_OutUDec) refers to st7735.o(i.ST7735_DrawString) for ST7735_DrawString
    st7735.o(i.ST7735_OutUDec) refers to st7735.o(i.ST7735_DrawCharS) for ST7735_DrawCharS
    st7735.o(i.ST7735_OutUDec) refers to st7735.o(.data) for Messageindex
    st7735.o(i.ST7735_OutUDec) refers to st7735.o(.bss) for Message
    st7735.o(i.ST7735_PlotBar) refers to st7735.o(i.ST7735_DrawFastVLine) for ST7735_DrawFastVLine
    st7735.o(i.ST7735_PlotBar) refers to st7735.o(.data) for Ymin
    st7735.o(i.ST7735_PlotClear) refers to st7735.o(i.ST7735_Color565) for ST7735_Color565
    st7735.o(i.ST7735_PlotClear) refers to st7735.o(i.ST7735_FillRect) for ST7735_FillRect
    st7735.o(i.ST7735_PlotClear) refers to st7735.o(.data) for Ymax
    st7735.o(i.ST7735_PlotLine) refers to st7735.o(i.ST7735_DrawPixel) for ST7735_DrawPixel
    st7735.o(i.ST7735_PlotLine) refers to st7735.o(.data) for Ymin
    st7735.o(i.ST7735_PlotNext) refers to st7735.o(.data) for X
    st7735.o(i.ST7735_PlotNextErase) refers to st7735.o(i.ST7735_Color565) for ST7735_Color565
    st7735.o(i.ST7735_PlotNextErase) refers to st7735.o(i.ST7735_DrawFastVLine) for ST7735_DrawFastVLine
    st7735.o(i.ST7735_PlotNextErase) refers to st7735.o(.data) for X
    st7735.o(i.ST7735_PlotPoint) refers to st7735.o(i.ST7735_DrawPixel) for ST7735_DrawPixel
    st7735.o(i.ST7735_PlotPoint) refers to st7735.o(.data) for Ymin
    st7735.o(i.ST7735_PlotPoints) refers to st7735.o(i.ST7735_DrawPixel) for ST7735_DrawPixel
    st7735.o(i.ST7735_PlotPoints) refers to st7735.o(.data) for Ymin
    st7735.o(i.ST7735_PlotdBfs) refers to st7735.o(i.ST7735_DrawFastVLine) for ST7735_DrawFastVLine
    st7735.o(i.ST7735_PlotdBfs) refers to st7735.o(.constdata) for dBfs
    st7735.o(i.ST7735_PlotdBfs) refers to st7735.o(.data) for X
    st7735.o(i.ST7735_SetCursor) refers to st7735.o(.data) for StX
    st7735.o(i.ST7735_SetRotation) refers to st7735.o(i.writecommand) for writecommand
    st7735.o(i.ST7735_SetRotation) refers to st7735.o(i.writedata) for writedata
    st7735.o(i.ST7735_SetRotation) refers to st7735.o(.data) for Rotation
    st7735.o(i.ST7735_SetTextColor) refers to st7735.o(.data) for StTextColor
    st7735.o(i.commandList) refers to st7735.o(i.writecommand) for writecommand
    st7735.o(i.commandList) refers to st7735.o(i.writedata) for writedata
    st7735.o(i.commandList) refers to st7735.o(i.Delay1ms) for Delay1ms
    st7735.o(i.commonInit) refers to st7735.o(i.Delay1ms) for Delay1ms
    st7735.o(i.commonInit) refers to st7735.o(i.commandList) for commandList
    st7735.o(i.commonInit) refers to st7735.o(.data) for RowStart
    st7735.o(i.fillmessage) refers to st7735.o(.bss) for Message
    st7735.o(i.fillmessage) refers to st7735.o(.data) for Messageindex
    st7735.o(i.fputc) refers to st7735.o(i.ST7735_OutChar) for ST7735_OutChar
    st7735.o(i.pushColor) refers to st7735.o(i.writedata) for writedata
    st7735.o(i.setAddrWindow) refers to st7735.o(i.writecommand) for writecommand
    st7735.o(i.setAddrWindow) refers to st7735.o(i.writedata) for writedata
    st7735.o(i.setAddrWindow) refers to st7735.o(.data) for ColStart
    lab3main.o(i.main) refers to pll.o(i.PLL_Init) for PLL_Init
    lab3main.o(i.main) refers to st7735.o(i.ST7735_InitR) for ST7735_InitR
    lab3main.o(i.main) refers to timer.o(i.Timer0A_Init1HzInt) for Timer0A_Init1HzInt
    lab3main.o(i.main) refers to timer.o(i.Timer1_Init) for Timer1_Init
    lab3main.o(i.main) refers to adc.o(i.ADC0_InitSWTriggerSeq3_Ch9) for ADC0_InitSWTriggerSeq3_Ch9
    lab3main.o(i.main) refers to switch.o(i.EdgeCounter_Init) for EdgeCounter_Init
    lab3main.o(i.main) refers to startup.o(.text) for EnableInterrupts
    lab3main.o(i.main) refers to lab3main.o(.data) for blah
    switch.o(i.GPIOPortB_Handler) refers to timer.o(i.Alarm_Disable) for Alarm_Disable
    switch.o(i.GPIOPortB_Handler) refers to timer.o(i.Alarm_Set) for Alarm_Set
    switch.o(i.GPIOPortB_Handler) refers to timer.o(.data) for mode_status
    switch.o(i.GPIOPortF_Handler) refers to timer.o(i.Alarm_Change) for Alarm_Change
    switch.o(i.GPIOPortF_Handler) refers to timer.o(i.Time_Change) for Time_Change
    switch.o(i.GPIOPortF_Handler) refers to timer.o(.data) for mode_status
    timer.o(i.Alarm_Change) refers to timer.o(.data) for aMin
    timer.o(i.Alarm_Disable) refers to timer.o(.data) for alarm_en
    timer.o(i.Alarm_Set) refers to timer.o(.data) for seconds
    timer.o(i.Display_Time) refers to screen.o(i.drawHands) for drawHands
    timer.o(i.Display_Time) refers to screen.o(i.digitalClock) for digitalClock
    timer.o(i.Display_Time) refers to timer.o(.data) for display_status
    timer.o(i.Time_Change) refers to timer.o(i.Display_Time) for Display_Time
    timer.o(i.Time_Change) refers to timer.o(.data) for time_part
    timer.o(i.Timer0A_Handler) refers to timer.o(i.Display_Time) for Display_Time
    timer.o(i.Timer0A_Handler) refers to timer.o(.data) for seconds
    timer.o(i.Timer0A_Init1HzInt) refers to startup.o(.text) for DisableInterrupts
    timer.o(i.Timer0A_Init1HzInt) refers to timer.o(.data) for seconds
    timer.o(i.Timer1A_Handler) refers to adc.o(i.ADC0_InSeq3) for ADC0_InSeq3
    timer.o(i.Timer1A_Handler) refers to timer.o(.data) for mode_status
    screen.o(i.ST7735_Line) refers to st7735.o(i.ST7735_DrawFastHLine) for ST7735_DrawFastHLine
    screen.o(i.ST7735_Line) refers to st7735.o(i.ST7735_DrawFastVLine) for ST7735_DrawFastVLine
    screen.o(i.ST7735_Line) refers to st7735.o(i.ST7735_DrawPixel) for ST7735_DrawPixel
    screen.o(i.digitalClock) refers to st7735.o(i.ST7735_DrawChar) for ST7735_DrawChar
    screen.o(i.digitalClock) refers to st7735.o(i.ST7735_DrawFastVLine) for ST7735_DrawFastVLine
    screen.o(i.digitalClock) refers to screen.o(.data) for digits
    screen.o(i.drawClock) refers to st7735.o(i.ST7735_DrawBitmap) for ST7735_DrawBitmap
    screen.o(i.drawClock) refers to screen.o(.constdata) for clock_BMP
    screen.o(i.drawHands) refers to screen.o(i.ST7735_Line) for ST7735_Line
    screen.o(i.drawHands) refers to screen.o(.constdata) for clockHandMinuteXY
    screen.o(i.drawHands) refers to screen.o(.data) for OldSecond
    entry.o(.ARM.Collect$$$$00000000) refers (Special) to entry10a.o(.ARM.Collect$$$$0000000D) for __rt_final_cpp
    entry.o(.ARM.Collect$$$$00000000) refers (Special) to entry11a.o(.ARM.Collect$$$$0000000F) for __rt_final_exit
    entry.o(.ARM.Collect$$$$00000000) refers (Special) to entry7b.o(.ARM.Collect$$$$00000008) for _main_clock
    entry.o(.ARM.Collect$$$$00000000) refers (Special) to entry8b.o(.ARM.Collect$$$$0000000A) for _main_cpp_init
    entry.o(.ARM.Collect$$$$00000000) refers (Special) to entry9a.o(.ARM.Collect$$$$0000000B) for _main_init
    entry.o(.ARM.Collect$$$$00000000) refers (Special) to entry5.o(.ARM.Collect$$$$00000004) for _main_scatterload
    entry.o(.ARM.Collect$$$$00000000) refers (Special) to entry2.o(.ARM.Collect$$$$00000001) for _main_stk
    entry2.o(.ARM.Collect$$$$00000001) refers to entry2.o(.ARM.Collect$$$$00002712) for __lit__00000000
    entry2.o(.ARM.Collect$$$$00002712) refers to startup.o(STACK) for __initial_sp
    entry2.o(__vectab_stack_and_reset_area) refers to startup.o(STACK) for __initial_sp
    entry2.o(__vectab_stack_and_reset_area) refers to entry.o(.ARM.Collect$$$$00000000) for __main
    entry5.o(.ARM.Collect$$$$00000004) refers to init.o(.text) for __scatterload
    entry9a.o(.ARM.Collect$$$$0000000B) refers to lab3main.o(i.main) for main
    entry9b.o(.ARM.Collect$$$$0000000C) refers to lab3main.o(i.main) for main
    init.o(.text) refers to entry5.o(.ARM.Collect$$$$00000004) for __main_after_scatterload


==============================================================================

Removing Unused input sections from the image.

    Removing startup.o(HEAP), (0 bytes).
    Removing st7735.o(i.Output_Clear), (10 bytes).
    Removing st7735.o(i.Output_Color), (12 bytes).
    Removing st7735.o(i.Output_Init), (16 bytes).
    Removing st7735.o(i.Output_Off), (8 bytes).
    Removing st7735.o(i.Output_On), (8 bytes).
    Removing st7735.o(i.ST7735_Color565), (24 bytes).
    Removing st7735.o(i.ST7735_DrawBitmap), (288 bytes).
    Removing st7735.o(i.ST7735_DrawCharS), (244 bytes).
    Removing st7735.o(i.ST7735_DrawString), (86 bytes).
    Removing st7735.o(i.ST7735_InitB), (40 bytes).
    Removing st7735.o(i.ST7735_InvertDisplay), (22 bytes).
    Removing st7735.o(i.ST7735_OutChar), (212 bytes).
    Removing st7735.o(i.ST7735_OutString), (24 bytes).
    Removing st7735.o(i.ST7735_OutUDec), (140 bytes).
    Removing st7735.o(i.ST7735_PlotBar), (88 bytes).
    Removing st7735.o(i.ST7735_PlotClear), (92 bytes).
    Removing st7735.o(i.ST7735_PlotLine), (264 bytes).
    Removing st7735.o(i.ST7735_PlotNext), (32 bytes).
    Removing st7735.o(i.ST7735_PlotNextErase), (64 bytes).
    Removing st7735.o(i.ST7735_PlotPoint), (152 bytes).
    Removing st7735.o(i.ST7735_PlotPoints), (172 bytes).
    Removing st7735.o(i.ST7735_PlotdBfs), (60 bytes).
    Removing st7735.o(i.ST7735_SetRotation), (212 bytes).
    Removing st7735.o(i.ST7735_SetTextColor), (12 bytes).
    Removing st7735.o(i.ST7735_SwapColor), (18 bytes).
    Removing st7735.o(i.ferror), (8 bytes).
    Removing st7735.o(i.fgetc), (6 bytes).
    Removing st7735.o(i.fillmessage), (72 bytes).
    Removing st7735.o(i.fputc), (16 bytes).
    Removing st7735.o(.bss), (12 bytes).
    Removing screen.o(i.drawClock), (24 bytes).
    Removing screen.o(i.timeUntilAlarm), (2 bytes).

33 unused section(s) (total 2440 bytes) removed from the image.

==============================================================================

Image Symbol Table

    Local Symbols

    Symbol Name                              Value     Ov Type        Size  Object(Section)

    RESET                                    0x00000000   Section      644  startup.o(RESET)
    ../clib/microlib/init/entry.s            0x00000000   Number         0  entry10a.o ABSOLUTE
    ../clib/microlib/init/entry.s            0x00000000   Number         0  entry.o ABSOLUTE
    ../clib/microlib/init/entry.s            0x00000000   Number         0  entry2.o ABSOLUTE
    ../clib/microlib/init/entry.s            0x00000000   Number         0  entry5.o ABSOLUTE
    ../clib/microlib/init/entry.s            0x00000000   Number         0  entry8a.o ABSOLUTE
    ../clib/microlib/init/entry.s            0x00000000   Number         0  entry7a.o ABSOLUTE
    ../clib/microlib/init/entry.s            0x00000000   Number         0  entry7b.o ABSOLUTE
    ../clib/microlib/init/entry.s            0x00000000   Number         0  entry8b.o ABSOLUTE
    ../clib/microlib/init/entry.s            0x00000000   Number         0  entry11b.o ABSOLUTE
    ../clib/microlib/init/entry.s            0x00000000   Number         0  entry9a.o ABSOLUTE
    ../clib/microlib/init/entry.s            0x00000000   Number         0  entry11a.o ABSOLUTE
    ../clib/microlib/init/entry.s            0x00000000   Number         0  entry10b.o ABSOLUTE
    ../clib/microlib/init/entry.s            0x00000000   Number         0  entry9b.o ABSOLUTE
    ADC.c                                    0x00000000   Number         0  adc.o ABSOLUTE
    Lab3Main.c                               0x00000000   Number         0  lab3main.o ABSOLUTE
    PLL.c                                    0x00000000   Number         0  pll.o ABSOLUTE
    ST7735.c                                 0x00000000   Number         0  st7735.o ABSOLUTE
    dc.s                                     0x00000000   Number         0  dc.o ABSOLUTE
    handlers.s                               0x00000000   Number         0  handlers.o ABSOLUTE
    init.s                                   0x00000000   Number         0  init.o ABSOLUTE
    screen.c                                 0x00000000   Number         0  screen.o ABSOLUTE
    speaker.c                                0x00000000   Number         0  speaker.o ABSOLUTE
    startup.s                                0x00000000   Number         0  startup.o ABSOLUTE
    switch.c                                 0x00000000   Number         0  switch.o ABSOLUTE
    timer.c                                  0x00000000   Number         0  timer.o ABSOLUTE
    .ARM.Collect$$$$00000000                 0x00000284   Section        0  entry.o(.ARM.Collect$$$$00000000)
    .ARM.Collect$$$$00000001                 0x00000284   Section        4  entry2.o(.ARM.Collect$$$$00000001)
    .ARM.Collect$$$$00000004                 0x00000288   Section        4  entry5.o(.ARM.Collect$$$$00000004)
    .ARM.Collect$$$$00000008                 0x0000028c   Section        0  entry7b.o(.ARM.Collect$$$$00000008)
    .ARM.Collect$$$$0000000A                 0x0000028c   Section        0  entry8b.o(.ARM.Collect$$$$0000000A)
    .ARM.Collect$$$$0000000B                 0x0000028c   Section        8  entry9a.o(.ARM.Collect$$$$0000000B)
    .ARM.Collect$$$$0000000D                 0x00000294   Section        0  entry10a.o(.ARM.Collect$$$$0000000D)
    .ARM.Collect$$$$0000000F                 0x00000294   Section        0  entry11a.o(.ARM.Collect$$$$0000000F)
    .ARM.Collect$$$$00002712                 0x00000294   Section        4  entry2.o(.ARM.Collect$$$$00002712)
    __lit__00000000                          0x00000294   Data           4  entry2.o(.ARM.Collect$$$$00002712)
    .text                                    0x00000298   Section       28  startup.o(.text)
    .text                                    0x000002b4   Section       36  init.o(.text)
    i.ADC0_InSeq3                            0x000002d8   Section        0  adc.o(i.ADC0_InSeq3)
    i.ADC0_InitSWTriggerSeq3_Ch9             0x00000304   Section        0  adc.o(i.ADC0_InitSWTriggerSeq3_Ch9)
    i.Alarm_Change                           0x000003f8   Section        0  timer.o(i.Alarm_Change)
    i.Alarm_Disable                          0x0000046c   Section        0  timer.o(i.Alarm_Disable)
    i.Alarm_Set                              0x00000478   Section        0  timer.o(i.Alarm_Set)
    i.Delay1ms                               0x000004c8   Section        0  st7735.o(i.Delay1ms)
    i.Display_Time                           0x000004e8   Section        0  timer.o(i.Display_Time)
    i.EdgeCounter_Init                       0x00000538   Section        0  switch.o(i.EdgeCounter_Init)
    i.GPIOPortB_Handler                      0x00000620   Section        0  switch.o(i.GPIOPortB_Handler)
    i.GPIOPortF_Handler                      0x0000069c   Section        0  switch.o(i.GPIOPortF_Handler)
    i.PLL_Init                               0x0000074c   Section        0  pll.o(i.PLL_Init)
    i.ST7735_DrawChar                        0x000007c8   Section        0  st7735.o(i.ST7735_DrawChar)
    i.ST7735_DrawFastHLine                   0x000008d4   Section        0  st7735.o(i.ST7735_DrawFastHLine)
    i.ST7735_DrawFastVLine                   0x00000950   Section        0  st7735.o(i.ST7735_DrawFastVLine)
    i.ST7735_DrawPixel                       0x000009cc   Section        0  st7735.o(i.ST7735_DrawPixel)
    i.ST7735_FillRect                        0x00000a14   Section        0  st7735.o(i.ST7735_FillRect)
    i.ST7735_FillScreen                      0x00000ac0   Section        0  st7735.o(i.ST7735_FillScreen)
    i.ST7735_InitR                           0x00000ae4   Section        0  st7735.o(i.ST7735_InitR)
    i.ST7735_Line                            0x00000b60   Section        0  screen.o(i.ST7735_Line)
    i.ST7735_SetCursor                       0x00000cbc   Section        0  st7735.o(i.ST7735_SetCursor)
    i.Time_Change                            0x00000cdc   Section        0  timer.o(i.Time_Change)
    i.Timer0A_Handler                        0x00000d54   Section        0  timer.o(i.Timer0A_Handler)
    i.Timer0A_Init1HzInt                     0x00000e08   Section        0  timer.o(i.Timer0A_Init1HzInt)
    i.Timer1A_Handler                        0x00000ed4   Section        0  timer.o(i.Timer1A_Handler)
    i.Timer1_Init                            0x00000f20   Section        0  timer.o(i.Timer1_Init)
    i.__scatterload_copy                     0x00000f7c   Section       14  handlers.o(i.__scatterload_copy)
    i.__scatterload_null                     0x00000f8a   Section        2  handlers.o(i.__scatterload_null)
    i.__scatterload_zeroinit                 0x00000f8c   Section       14  handlers.o(i.__scatterload_zeroinit)
    i.commandList                            0x00000f9a   Section        0  st7735.o(i.commandList)
    commandList                              0x00000f9b   Thumb Code    86  st7735.o(i.commandList)
    i.commonInit                             0x00000ff0   Section        0  st7735.o(i.commonInit)
    commonInit                               0x00000ff1   Thumb Code   340  st7735.o(i.commonInit)
    i.digitalClock                           0x00001174   Section        0  screen.o(i.digitalClock)
    i.drawHands                              0x000012b0   Section        0  screen.o(i.drawHands)
    i.main                                   0x000013dc   Section        0  lab3main.o(i.main)
    i.pushColor                              0x00001410   Section        0  st7735.o(i.pushColor)
    pushColor                                0x00001411   Thumb Code    18  st7735.o(i.pushColor)
    i.setAddrWindow                          0x00001424   Section        0  st7735.o(i.setAddrWindow)
    setAddrWindow                            0x00001425   Thumb Code   106  st7735.o(i.setAddrWindow)
    i.writecommand                           0x00001498   Section        0  st7735.o(i.writecommand)
    writecommand                             0x00001499   Thumb Code    40  st7735.o(i.writecommand)
    i.writedata                              0x000014c8   Section        0  st7735.o(i.writedata)
    writedata                                0x000014c9   Thumb Code    24  st7735.o(i.writedata)
    .constdata                               0x000014e8   Section     2018  st7735.o(.constdata)
    Font                                     0x000014e8   Data        1275  st7735.o(.constdata)
    Bcmd                                     0x000019e3   Data         103  st7735.o(.constdata)
    Rcmd1                                    0x00001a4a   Data          59  st7735.o(.constdata)
    Rcmd2green                               0x00001a85   Data          13  st7735.o(.constdata)
    Rcmd2red                                 0x00001a92   Data          13  st7735.o(.constdata)
    Rcmd3                                    0x00001a9f   Data          43  st7735.o(.constdata)
    .constdata                               0x00001cca   Section    24488  screen.o(.constdata)
    .data                                    0x20000000   Section       44  st7735.o(.data)
    _width                                   0x2000000a   Data           2  st7735.o(.data)
    _height                                  0x2000000c   Data           2  st7735.o(.data)
    ColStart                                 0x20000014   Data           1  st7735.o(.data)
    RowStart                                 0x20000015   Data           1  st7735.o(.data)
    Rotation                                 0x20000016   Data           1  st7735.o(.data)
    TabColor                                 0x20000017   Data           1  st7735.o(.data)
    .data                                    0x2000002c   Section        2  lab3main.o(.data)
    blah                                     0x2000002c   Data           2  lab3main.o(.data)
    .data                                    0x2000002e   Section       17  timer.o(.data)
    .data                                    0x20000040   Section       24  screen.o(.data)
    OldMinute                                0x20000040   Data           1  screen.o(.data)
    OldHour                                  0x20000041   Data           1  screen.o(.data)
    OldSecond                                0x20000042   Data           1  screen.o(.data)
    digits                                   0x20000044   Data          20  screen.o(.data)
    STACK                                    0x20000058   Section     1024  startup.o(STACK)
    StackMem                                 0x20000058   Data           0  startup.o(STACK)

    Global Symbols

    Symbol Name                              Value     Ov Type        Size  Object(Section)

    BuildAttributes$$THM_ISAv4$E$P$D$K$B$S$7EM$PE$A:L22UL41UL21$X:L11$S22US41US21$IEEE1$IW$USESV6$~STKCKD$USESV7$~SHL$OSPACE$EBA8$MICROLIB$REQ8$PRES8$EABIv2 0x00000000   Number         0  anon$$obj.o ABSOLUTE
    __ARM_use_no_argv                        0x00000000   Number         0  lab3main.o ABSOLUTE
    __Vectors                                0x00000000   Data           0  startup.o(RESET)
    __cpp_initialize__aeabi_                  - Undefined Weak Reference
    __cxa_finalize                            - Undefined Weak Reference
    __decompress                              - Undefined Weak Reference
    _clock_init                               - Undefined Weak Reference
    _microlib_exit                            - Undefined Weak Reference
    Reset_Handler                            0x0000026d   Thumb Code     0  startup.o(RESET)
    NMI_Handler                              0x00000271   Thumb Code     2  startup.o(RESET)
    HardFault_Handler                        0x00000273   Thumb Code     2  startup.o(RESET)
    MemManage_Handler                        0x00000275   Thumb Code     2  startup.o(RESET)
    BusFault_Handler                         0x00000277   Thumb Code     2  startup.o(RESET)
    UsageFault_Handler                       0x00000279   Thumb Code     2  startup.o(RESET)
    SVC_Handler                              0x0000027b   Thumb Code     2  startup.o(RESET)
    DebugMon_Handler                         0x0000027d   Thumb Code     2  startup.o(RESET)
    PendSV_Handler                           0x0000027f   Thumb Code     2  startup.o(RESET)
    SysTick_Handler                          0x00000281   Thumb Code     2  startup.o(RESET)
    ADC0Seq0_Handler                         0x00000283   Thumb Code     0  startup.o(RESET)
    ADC0Seq1_Handler                         0x00000283   Thumb Code     0  startup.o(RESET)
    ADC0Seq2_Handler                         0x00000283   Thumb Code     0  startup.o(RESET)
    ADC0Seq3_Handler                         0x00000283   Thumb Code     0  startup.o(RESET)
    ADC1Seq0_Handler                         0x00000283   Thumb Code     0  startup.o(RESET)
    ADC1Seq1_Handler                         0x00000283   Thumb Code     0  startup.o(RESET)
    ADC1Seq2_Handler                         0x00000283   Thumb Code     0  startup.o(RESET)
    ADC1Seq3_Handler                         0x00000283   Thumb Code     0  startup.o(RESET)
    CAN0_Handler                             0x00000283   Thumb Code     0  startup.o(RESET)
    CAN1_Handler                             0x00000283   Thumb Code     0  startup.o(RESET)
    CAN2_Handler                             0x00000283   Thumb Code     0  startup.o(RESET)
    Comp0_Handler                            0x00000283   Thumb Code     0  startup.o(RESET)
    Comp1_Handler                            0x00000283   Thumb Code     0  startup.o(RESET)
    Comp2_Handler                            0x00000283   Thumb Code     0  startup.o(RESET)
    Ethernet_Handler                         0x00000283   Thumb Code     0  startup.o(RESET)
    ExtBus_Handler                           0x00000283   Thumb Code     0  startup.o(RESET)
    FPU_Handler                              0x00000283   Thumb Code     0  startup.o(RESET)
    Fan0_Handler                             0x00000283   Thumb Code     0  startup.o(RESET)
    FlashCtl_Handler                         0x00000283   Thumb Code     0  startup.o(RESET)
    GPIOPortA_Handler                        0x00000283   Thumb Code     0  startup.o(RESET)
    GPIOPortC_Handler                        0x00000283   Thumb Code     0  startup.o(RESET)
    GPIOPortD_Handler                        0x00000283   Thumb Code     0  startup.o(RESET)
    GPIOPortE_Handler                        0x00000283   Thumb Code     0  startup.o(RESET)
    GPIOPortG_Handler                        0x00000283   Thumb Code     0  startup.o(RESET)
    GPIOPortH_Handler                        0x00000283   Thumb Code     0  startup.o(RESET)
    GPIOPortJ_Handler                        0x00000283   Thumb Code     0  startup.o(RESET)
    GPIOPortK_Handler                        0x00000283   Thumb Code     0  startup.o(RESET)
    GPIOPortL_Handler                        0x00000283   Thumb Code     0  startup.o(RESET)
    GPIOPortM_Handler                        0x00000283   Thumb Code     0  startup.o(RESET)
    GPIOPortN_Handler                        0x00000283   Thumb Code     0  startup.o(RESET)
    GPIOPortP1_Handler                       0x00000283   Thumb Code     0  startup.o(RESET)
    GPIOPortP2_Handler                       0x00000283   Thumb Code     0  startup.o(RESET)
    GPIOPortP3_Handler                       0x00000283   Thumb Code     0  startup.o(RESET)
    GPIOPortP4_Handler                       0x00000283   Thumb Code     0  startup.o(RESET)
    GPIOPortP5_Handler                       0x00000283   Thumb Code     0  startup.o(RESET)
    GPIOPortP6_Handler                       0x00000283   Thumb Code     0  startup.o(RESET)
    GPIOPortP7_Handler                       0x00000283   Thumb Code     0  startup.o(RESET)
    GPIOPortP_Handler                        0x00000283   Thumb Code     0  startup.o(RESET)
    GPIOPortQ1_Handler                       0x00000283   Thumb Code     0  startup.o(RESET)
    GPIOPortQ2_Handler                       0x00000283   Thumb Code     0  startup.o(RESET)
    GPIOPortQ3_Handler                       0x00000283   Thumb Code     0  startup.o(RESET)
    GPIOPortQ4_Handler                       0x00000283   Thumb Code     0  startup.o(RESET)
    GPIOPortQ5_Handler                       0x00000283   Thumb Code     0  startup.o(RESET)
    GPIOPortQ6_Handler                       0x00000283   Thumb Code     0  startup.o(RESET)
    GPIOPortQ7_Handler                       0x00000283   Thumb Code     0  startup.o(RESET)
    GPIOPortQ_Handler                        0x00000283   Thumb Code     0  startup.o(RESET)
    GPIOPortR_Handler                        0x00000283   Thumb Code     0  startup.o(RESET)
    GPIOPortS_Handler                        0x00000283   Thumb Code     0  startup.o(RESET)
    Hibernate_Handler                        0x00000283   Thumb Code     0  startup.o(RESET)
    I2C0_Handler                             0x00000283   Thumb Code     0  startup.o(RESET)
    I2C1_Handler                             0x00000283   Thumb Code     0  startup.o(RESET)
    I2C2_Handler                             0x00000283   Thumb Code     0  startup.o(RESET)
    I2C3_Handler                             0x00000283   Thumb Code     0  startup.o(RESET)
    I2C4_Handler                             0x00000283   Thumb Code     0  startup.o(RESET)
    I2C5_Handler                             0x00000283   Thumb Code     0  startup.o(RESET)
    I2S0_Handler                             0x00000283   Thumb Code     0  startup.o(RESET)
    LPC0_Handler                             0x00000283   Thumb Code     0  startup.o(RESET)
    PECI0_Handler                            0x00000283   Thumb Code     0  startup.o(RESET)
    PWM0Fault_Handler                        0x00000283   Thumb Code     0  startup.o(RESET)
    PWM0Generator0_Handler                   0x00000283   Thumb Code     0  startup.o(RESET)
    PWM0Generator1_Handler                   0x00000283   Thumb Code     0  startup.o(RESET)
    PWM0Generator2_Handler                   0x00000283   Thumb Code     0  startup.o(RESET)
    PWM0Generator3_Handler                   0x00000283   Thumb Code     0  startup.o(RESET)
    PWM1Fault_Handler                        0x00000283   Thumb Code     0  startup.o(RESET)
    PWM1Generator0_Handler                   0x00000283   Thumb Code     0  startup.o(RESET)
    PWM1Generator1_Handler                   0x00000283   Thumb Code     0  startup.o(RESET)
    PWM1Generator2_Handler                   0x00000283   Thumb Code     0  startup.o(RESET)
    PWM1Generator3_Handler                   0x00000283   Thumb Code     0  startup.o(RESET)
    Quadrature0_Handler                      0x00000283   Thumb Code     0  startup.o(RESET)
    Quadrature1_Handler                      0x00000283   Thumb Code     0  startup.o(RESET)
    Quadrature2_Handler                      0x00000283   Thumb Code     0  startup.o(RESET)
    SSI0_Handler                             0x00000283   Thumb Code     0  startup.o(RESET)
    SSI1_Handler                             0x00000283   Thumb Code     0  startup.o(RESET)
    SSI2_Handler                             0x00000283   Thumb Code     0  startup.o(RESET)
    SSI3_Handler                             0x00000283   Thumb Code     0  startup.o(RESET)
    SysCtl_Handler                           0x00000283   Thumb Code     0  startup.o(RESET)
    Timer0B_Handler                          0x00000283   Thumb Code     0  startup.o(RESET)
    Timer1B_Handler                          0x00000283   Thumb Code     0  startup.o(RESET)
    Timer2A_Handler                          0x00000283   Thumb Code     0  startup.o(RESET)
    Timer2B_Handler                          0x00000283   Thumb Code     0  startup.o(RESET)
    Timer3A_Handler                          0x00000283   Thumb Code     0  startup.o(RESET)
    Timer3B_Handler                          0x00000283   Thumb Code     0  startup.o(RESET)
    Timer4A_Handler                          0x00000283   Thumb Code     0  startup.o(RESET)
    Timer4B_Handler                          0x00000283   Thumb Code     0  startup.o(RESET)
    Timer5A_Handler                          0x00000283   Thumb Code     0  startup.o(RESET)
    Timer5B_Handler                          0x00000283   Thumb Code     0  startup.o(RESET)
    UART0_Handler                            0x00000283   Thumb Code     0  startup.o(RESET)
    UART1_Handler                            0x00000283   Thumb Code     0  startup.o(RESET)
    UART2_Handler                            0x00000283   Thumb Code     0  startup.o(RESET)
    UART3_Handler                            0x00000283   Thumb Code     0  startup.o(RESET)
    UART4_Handler                            0x00000283   Thumb Code     0  startup.o(RESET)
    UART5_Handler                            0x00000283   Thumb Code     0  startup.o(RESET)
    UART6_Handler                            0x00000283   Thumb Code     0  startup.o(RESET)
    UART7_Handler                            0x00000283   Thumb Code     0  startup.o(RESET)
    USB0_Handler                             0x00000283   Thumb Code     0  startup.o(RESET)
    WDT_Handler                              0x00000283   Thumb Code     0  startup.o(RESET)
    WideTimer0A_Handler                      0x00000283   Thumb Code     0  startup.o(RESET)
    WideTimer0B_Handler                      0x00000283   Thumb Code     0  startup.o(RESET)
    WideTimer1A_Handler                      0x00000283   Thumb Code     0  startup.o(RESET)
    WideTimer1B_Handler                      0x00000283   Thumb Code     0  startup.o(RESET)
    WideTimer2A_Handler                      0x00000283   Thumb Code     0  startup.o(RESET)
    WideTimer2B_Handler                      0x00000283   Thumb Code     0  startup.o(RESET)
    WideTimer3A_Handler                      0x00000283   Thumb Code     0  startup.o(RESET)
    WideTimer3B_Handler                      0x00000283   Thumb Code     0  startup.o(RESET)
    WideTimer4A_Handler                      0x00000283   Thumb Code     0  startup.o(RESET)
    WideTimer4B_Handler                      0x00000283   Thumb Code     0  startup.o(RESET)
    WideTimer5A_Handler                      0x00000283   Thumb Code     0  startup.o(RESET)
    WideTimer5B_Handler                      0x00000283   Thumb Code     0  startup.o(RESET)
    uDMA_Error                               0x00000283   Thumb Code     0  startup.o(RESET)
    uDMA_Handler                             0x00000283   Thumb Code     0  startup.o(RESET)
    __main                                   0x00000285   Thumb Code     0  entry.o(.ARM.Collect$$$$00000000)
    _main_stk                                0x00000285   Thumb Code     0  entry2.o(.ARM.Collect$$$$00000001)
    _main_scatterload                        0x00000289   Thumb Code     0  entry5.o(.ARM.Collect$$$$00000004)
    __main_after_scatterload                 0x0000028d   Thumb Code     0  entry5.o(.ARM.Collect$$$$00000004)
    _main_clock                              0x0000028d   Thumb Code     0  entry7b.o(.ARM.Collect$$$$00000008)
    _main_cpp_init                           0x0000028d   Thumb Code     0  entry8b.o(.ARM.Collect$$$$0000000A)
    _main_init                               0x0000028d   Thumb Code     0  entry9a.o(.ARM.Collect$$$$0000000B)
    __rt_final_cpp                           0x00000295   Thumb Code     0  entry10a.o(.ARM.Collect$$$$0000000D)
    __rt_final_exit                          0x00000295   Thumb Code     0  entry11a.o(.ARM.Collect$$$$0000000F)
    DisableInterrupts                        0x00000299   Thumb Code     0  startup.o(.text)
    EnableInterrupts                         0x0000029d   Thumb Code     0  startup.o(.text)
    StartCritical                            0x000002a1   Thumb Code     0  startup.o(.text)
    EndCritical                              0x000002a9   Thumb Code     0  startup.o(.text)
    WaitForInterrupt                         0x000002af   Thumb Code     0  startup.o(.text)
    __scatterload                            0x000002b5   Thumb Code    28  init.o(.text)
    __scatterload_rt2                        0x000002b5   Thumb Code     0  init.o(.text)
    ADC0_InSeq3                              0x000002d9   Thumb Code    36  adc.o(i.ADC0_InSeq3)
    ADC0_InitSWTriggerSeq3_Ch9               0x00000305   Thumb Code   216  adc.o(i.ADC0_InitSWTriggerSeq3_Ch9)
    Alarm_Change                             0x000003f9   Thumb Code   108  timer.o(i.Alarm_Change)
    Alarm_Disable                            0x0000046d   Thumb Code     8  timer.o(i.Alarm_Disable)
    Alarm_Set                                0x00000479   Thumb Code    52  timer.o(i.Alarm_Set)
    Delay1ms                                 0x000004c9   Thumb Code    32  st7735.o(i.Delay1ms)
    Display_Time                             0x000004e9   Thumb Code    64  timer.o(i.Display_Time)
    EdgeCounter_Init                         0x00000539   Thumb Code   206  switch.o(i.EdgeCounter_Init)
    GPIOPortB_Handler                        0x00000621   Thumb Code   106  switch.o(i.GPIOPortB_Handler)
    GPIOPortF_Handler                        0x0000069d   Thumb Code   158  switch.o(i.GPIOPortF_Handler)
    PLL_Init                                 0x0000074d   Thumb Code   118  pll.o(i.PLL_Init)
    ST7735_DrawChar                          0x000007c9   Thumb Code   256  st7735.o(i.ST7735_DrawChar)
    ST7735_DrawFastHLine                     0x000008d5   Thumb Code   116  st7735.o(i.ST7735_DrawFastHLine)
    ST7735_DrawFastVLine                     0x00000951   Thumb Code   116  st7735.o(i.ST7735_DrawFastVLine)
    ST7735_DrawPixel                         0x000009cd   Thumb Code    64  st7735.o(i.ST7735_DrawPixel)
    ST7735_FillRect                          0x00000a15   Thumb Code   164  st7735.o(i.ST7735_FillRect)
    ST7735_FillScreen                        0x00000ac1   Thumb Code    28  st7735.o(i.ST7735_FillScreen)
    ST7735_InitR                             0x00000ae5   Thumb Code    90  st7735.o(i.ST7735_InitR)
    ST7735_Line                              0x00000b61   Thumb Code   348  screen.o(i.ST7735_Line)
    ST7735_SetCursor                         0x00000cbd   Thumb Code    22  st7735.o(i.ST7735_SetCursor)
    Time_Change                              0x00000cdd   Thumb Code   108  timer.o(i.Time_Change)
    Timer0A_Handler                          0x00000d55   Thumb Code   148  timer.o(i.Timer0A_Handler)
    Timer0A_Init1HzInt                       0x00000e09   Thumb Code   150  timer.o(i.Timer0A_Init1HzInt)
    Timer1A_Handler                          0x00000ed5   Thumb Code    68  timer.o(i.Timer1A_Handler)
    Timer1_Init                              0x00000f21   Thumb Code    72  timer.o(i.Timer1_Init)
    __scatterload_copy                       0x00000f7d   Thumb Code    14  handlers.o(i.__scatterload_copy)
    __scatterload_null                       0x00000f8b   Thumb Code     2  handlers.o(i.__scatterload_null)
    __scatterload_zeroinit                   0x00000f8d   Thumb Code    14  handlers.o(i.__scatterload_zeroinit)
    digitalClock                             0x00001175   Thumb Code   310  screen.o(i.digitalClock)
    drawHands                                0x000012b1   Thumb Code   278  screen.o(i.drawHands)
    main                                     0x000013dd   Thumb Code    46  lab3main.o(i.main)
    dBfs                                     0x00001aca   Data         512  st7735.o(.constdata)
    clockHandMinuteXY                        0x00001cca   Data         240  screen.o(.constdata)
    clockHandHourXY                          0x00001dba   Data          48  screen.o(.constdata)
    clock_BMP                                0x00001dea   Data       24200  screen.o(.constdata)
    Region$$Table$$Base                      0x00007c74   Number         0  anon$$obj.o(Region$$Table)
    Region$$Table$$Limit                     0x00007c94   Number         0  anon$$obj.o(Region$$Table)
    StX                                      0x20000000   Data           4  st7735.o(.data)
    StY                                      0x20000004   Data           4  st7735.o(.data)
    StTextColor                              0x20000008   Data           2  st7735.o(.data)
    lastj                                    0x20000010   Data           4  st7735.o(.data)
    Messageindex                             0x20000018   Data           4  st7735.o(.data)
    Ymax                                     0x2000001c   Data           4  st7735.o(.data)
    Ymin                                     0x20000020   Data           4  st7735.o(.data)
    X                                        0x20000024   Data           4  st7735.o(.data)
    Yrange                                   0x20000028   Data           4  st7735.o(.data)
    hours                                    0x2000002e   Data           2  timer.o(.data)
    minutes                                  0x20000030   Data           2  timer.o(.data)
    seconds                                  0x20000032   Data           2  timer.o(.data)
    aHr                                      0x20000034   Data           2  timer.o(.data)
    aMin                                     0x20000036   Data           2  timer.o(.data)
    aSec                                     0x20000038   Data           2  timer.o(.data)
    time_part                                0x2000003a   Data           1  timer.o(.data)
    mode_status                              0x2000003b   Data           1  timer.o(.data)
    time_status                              0x2000003c   Data           1  timer.o(.data)
    display_status                           0x2000003d   Data           1  timer.o(.data)
    alarm_en                                 0x2000003e   Data           1  timer.o(.data)
    __initial_sp                             0x20000458   Data           0  startup.o(STACK)



==============================================================================

Memory Map of the image

  Image Entry point : 0x0000026d

  Load Region LR_1 (Base: 0x00000000, Size: 0x00007cec, Max: 0xffffffff, ABSOLUTE)

    Execution Region ER_RO (Base: 0x00000000, Size: 0x00007c94, Max: 0xffffffff, ABSOLUTE)

    Base Addr    Size         Type   Attr      Idx    E Section Name        Object

    0x00000000   0x00000284   Code   RO            3  * RESET               startup.o
    0x00000284   0x00000000   Code   RO          494  * .ARM.Collect$$$$00000000  mc_w.l(entry.o)
    0x00000284   0x00000004   Code   RO          497    .ARM.Collect$$$$00000001  mc_w.l(entry2.o)
    0x00000288   0x00000004   Code   RO          500    .ARM.Collect$$$$00000004  mc_w.l(entry5.o)
    0x0000028c   0x00000000   Code   RO          502    .ARM.Collect$$$$00000008  mc_w.l(entry7b.o)
    0x0000028c   0x00000000   Code   RO          504    .ARM.Collect$$$$0000000A  mc_w.l(entry8b.o)
    0x0000028c   0x00000008   Code   RO          505    .ARM.Collect$$$$0000000B  mc_w.l(entry9a.o)
    0x00000294   0x00000000   Code   RO          507    .ARM.Collect$$$$0000000D  mc_w.l(entry10a.o)
    0x00000294   0x00000000   Code   RO          509    .ARM.Collect$$$$0000000F  mc_w.l(entry11a.o)
    0x00000294   0x00000004   Code   RO          498    .ARM.Collect$$$$00002712  mc_w.l(entry2.o)
    0x00000298   0x0000001c   Code   RO            4    .text               startup.o
    0x000002b4   0x00000024   Code   RO          511    .text               mc_w.l(init.o)
    0x000002d8   0x0000002c   Code   RO          476    i.ADC0_InSeq3       adc.o
    0x00000304   0x000000f4   Code   RO          477    i.ADC0_InitSWTriggerSeq3_Ch9  adc.o
    0x000003f8   0x00000074   Code   RO          370    i.Alarm_Change      timer.o
    0x0000046c   0x0000000c   Code   RO          371    i.Alarm_Disable     timer.o
    0x00000478   0x00000050   Code   RO          372    i.Alarm_Set         timer.o
    0x000004c8   0x00000020   Code   RO           34    i.Delay1ms          st7735.o
    0x000004e8   0x00000050   Code   RO          373    i.Display_Time      timer.o
    0x00000538   0x000000e8   Code   RO          336    i.EdgeCounter_Init  switch.o
    0x00000620   0x0000007c   Code   RO          337    i.GPIOPortB_Handler  switch.o
    0x0000069c   0x000000b0   Code   RO          338    i.GPIOPortF_Handler  switch.o
    0x0000074c   0x0000007c   Code   RO           12    i.PLL_Init          pll.o
    0x000007c8   0x0000010c   Code   RO           42    i.ST7735_DrawChar   st7735.o
    0x000008d4   0x0000007c   Code   RO           44    i.ST7735_DrawFastHLine  st7735.o
    0x00000950   0x0000007c   Code   RO           45    i.ST7735_DrawFastVLine  st7735.o
    0x000009cc   0x00000048   Code   RO           46    i.ST7735_DrawPixel  st7735.o
    0x00000a14   0x000000ac   Code   RO           48    i.ST7735_FillRect   st7735.o
    0x00000ac0   0x00000024   Code   RO           49    i.ST7735_FillScreen  st7735.o
    0x00000ae4   0x0000007c   Code   RO           51    i.ST7735_InitR      st7735.o
    0x00000b60   0x0000015c   Code   RO          436    i.ST7735_Line       screen.o
    0x00000cbc   0x00000020   Code   RO           64    i.ST7735_SetCursor  st7735.o
    0x00000cdc   0x00000078   Code   RO          374    i.Time_Change       timer.o
    0x00000d54   0x000000b4   Code   RO          375    i.Timer0A_Handler   timer.o
    0x00000e08   0x000000cc   Code   RO          376    i.Timer0A_Init1HzInt  timer.o
    0x00000ed4   0x0000004c   Code   RO          377    i.Timer1A_Handler   timer.o
    0x00000f20   0x0000005c   Code   RO          378    i.Timer1_Init       timer.o
    0x00000f7c   0x0000000e   Code   RO          515    i.__scatterload_copy  mc_w.l(handlers.o)
    0x00000f8a   0x00000002   Code   RO          516    i.__scatterload_null  mc_w.l(handlers.o)
    0x00000f8c   0x0000000e   Code   RO          517    i.__scatterload_zeroinit  mc_w.l(handlers.o)
    0x00000f9a   0x00000056   Code   RO           68    i.commandList       st7735.o
    0x00000ff0   0x00000184   Code   RO           69    i.commonInit        st7735.o
    0x00001174   0x0000013c   Code   RO          437    i.digitalClock      screen.o
    0x000012b0   0x0000012c   Code   RO          439    i.drawHands         screen.o
    0x000013dc   0x00000034   Code   RO          310    i.main              lab3main.o
    0x00001410   0x00000012   Code   RO           74    i.pushColor         st7735.o
    0x00001422   0x00000002   PAD
    0x00001424   0x00000074   Code   RO           75    i.setAddrWindow     st7735.o
    0x00001498   0x00000030   Code   RO           76    i.writecommand      st7735.o
    0x000014c8   0x00000020   Code   RO           77    i.writedata         st7735.o
    0x000014e8   0x000007e2   Data   RO           79    .constdata          st7735.o
    0x00001cca   0x00005fa8   Data   RO          441    .constdata          screen.o
    0x00007c72   0x00000002   PAD
    0x00007c74   0x00000020   Data   RO          513    Region$$Table       anon$$obj.o


    Execution Region ER_RW (Base: 0x20000000, Size: 0x00000058, Max: 0xffffffff, ABSOLUTE)

    Base Addr    Size         Type   Attr      Idx    E Section Name        Object

    0x20000000   0x0000002c   Data   RW           80    .data               st7735.o
    0x2000002c   0x00000002   Data   RW          311    .data               lab3main.o
    0x2000002e   0x00000011   Data   RW          379    .data               timer.o
    0x2000003f   0x00000001   PAD
    0x20000040   0x00000018   Data   RW          442    .data               screen.o


    Execution Region ER_ZI (Base: 0x20000058, Size: 0x00000400, Max: 0xffffffff, ABSOLUTE)

    Base Addr    Size         Type   Attr      Idx    E Section Name        Object

    0x20000058   0x00000400   Zero   RW            1    STACK               startup.o


==============================================================================

Image component sizes


      Code (inc. data)   RO Data    RW Data    ZI Data      Debug   Object Name

       288         36          0          0          0        871   adc.o
        52          6          0          2          0        959   lab3main.o
       124          6          0          0          0       4651   pll.o
       964         28      24488         24          0       3135   screen.o
      1672        170       2018         44          0      12427   st7735.o
       672        622          0          0       1024        924   startup.o
       532         62          0          0          0       1535   switch.o
       960        182          0         17          0       4675   timer.o

    ----------------------------------------------------------------------
      5266       1112      26540         88       1024      29177   Object Totals
         0          0         32          0          0          0   (incl. Generated)
         2          0          2          1          0          0   (incl. Padding)

    ----------------------------------------------------------------------

      Code (inc. data)   RO Data    RW Data    ZI Data      Debug   Library Member Name

         0          0          0          0          0          0   entry.o
         0          0          0          0          0          0   entry10a.o
         0          0          0          0          0          0   entry11a.o
         8          4          0          0          0          0   entry2.o
         4          0          0          0          0          0   entry5.o
         0          0          0          0          0          0   entry7b.o
         0          0          0          0          0          0   entry8b.o
         8          4          0          0          0          0   entry9a.o
        30          0          0          0          0          0   handlers.o
        36          8          0          0          0         68   init.o

    ----------------------------------------------------------------------
        86         16          0          0          0         68   Library Totals
         0          0          0          0          0          0   (incl. Padding)

    ----------------------------------------------------------------------

      Code (inc. data)   RO Data    RW Data    ZI Data      Debug   Library Name

        86         16          0          0          0         68   mc_w.l

    ----------------------------------------------------------------------
        86         16          0          0          0         68   Library Totals

    ----------------------------------------------------------------------

==============================================================================


      Code (inc. data)   RO Data    RW Data    ZI Data      Debug   

      5352       1128      26540         88       1024      27633   Grand Totals
      5352       1128      26540         88       1024      27633   ELF Image Totals
      5352       1128      26540         88          0          0   ROM Totals

==============================================================================

    Total RO  Size (Code + RO Data)                31892 (  31.14kB)
    Total RW  Size (RW Data + ZI Data)              1112 (   1.09kB)
    Total ROM Size (Code + RO Data + RW Data)      31980 (  31.23kB)

==============================================================================

