<html>
<body>
<pre>
<h1>µVision Build Log</h1>
<h2>Project:</h2>
C:\Users\zacan\Dropbox\School\EE445L\ValvanoWare\GitHub\Lab1\Lab1\ST7735.uvproj
Project File Date:  01/29/2018

<h2>Output:</h2>
Build target 'ST7735'
linking...
Program Size: Code=3884 RO-data=4324 RW-data=68 ZI-data=1028  
".\ST7735.axf" - 0 Error(s), 0 Warning(s).
</pre>
</body>
</html>
opbox\\School\\EE445L\\ValvanoWare\\GitHub\\Lab1\\Lab1\\ST7735.axf" 
Connecting: Mode=JTAG, Speed=1000000Hz
Erase Done.
Programming Done.
Verify OK.
