<html>
<body>
<pre>
<h1>µVision Build Log</h1>
<h2>Project:</h2>
C:\Users\zacan\Dropbox\School\EE445L\ValvanoWare\GitHub\Lab1\Lab1\ST7735.uvproj
Project File Date:  01/28/2018

<h2>Output:</h2>
Build target 'ST7735'
compiling fixed.c...
compiling Lab1.c...
linking...
Program Size: Code=3868 RO-data=4324 RW-data=68 ZI-data=1028  
".\ST7735.axf" - 0 Error(s), 0 Warning(s).
ror: L6200E: Symbol plot_minX multiply defined (by lab1.o and fixed.o).
.\ST7735.axf: Error: L6200E: Symbol plot_maxX multiply defined (by lab1.o and fixed.o).
.\ST7735.axf: Error: L6200E: Symbol plot_minY multiply defined (by lab1.o and fixed.o).
.\ST7735.axf: Error: L6200E: Symbol plot_maxY multiply defined (by lab1.o and fixed.o).
Not enough information to list image symbols.
Not enough information to list the image map.
Finished: 2 information, 0 warning and 5 error messages.
".\ST7735.axf" - 5 Error(s), 0 Warning(s).
Target not created
