<html>
<body>
<pre>
<h1>µVision Build Log</h1>
<h2>Project:</h2>
C:\Users\zacan\Dropbox\School\EE445L\ValvanoWare\GitHub\Lab1\Lab1\ST7735.uvproj
Project File Date:  01/29/2018

<h2>Output:</h2>
Rebuild target 'ST7735'
assembling startup.s...
compiling PLL.c...
compiling ST7735.c...
compiling ST7735TestMain.c...
ST7735TestMain.c(757): warning:  #1-D: last line of file ends without a newline
  */
ST7735TestMain.c: 1 warning, 0 errors
compiling fixed.c...
compiling extra_credit_1.c...
compiling extra_credit_2.c...
assembling extra_credit_3.s...
extra_credit_3.s(27): warning: A1313W: Missing END directive at end of file
extra_credit_3.s(27): warning: A1581W: Added 2 bytes of padding at address 0x32
assembling extra_credit_4.s...
extra_credit_4.s(25): warning: A1313W: Missing END directive at end of file
extra_credit_4.s(25): warning: A1581W: Added 2 bytes of padding at address 0x32
compiling main.c...
linking...
Program Size: Code=3884 RO-data=4324 RW-data=68 ZI-data=1028  
".\ST7735.axf" - 0 Error(s), 5 Warning(s).
</pre>
</body>
</html>
