<html>
<body>
<pre>
<h1>µVision Build Log</h1>
<h2>Project:</h2>
C:\Users\zacan\Dropbox\School\EE445L\ValvanoWare\GitHub\Lab1\Lab1\ST7735.uvproj
Project File Date:  01/28/2018

<h2>Output:</h2>
Build target 'ST7735'
compiling Lab1.c...
linking...
Program Size: Code=3884 RO-data=4324 RW-data=68 ZI-data=1028  
".\ST7735.axf" - 0 Error(s), 0 Warning(s).
Load "C:\\Users\\zacan\\Dropbox\\School\\EE445L\\ValvanoWare\\GitHub\\Lab1\\Lab1\\ST7735.axf" 
Connecting: Mode=JTAG, Speed=1000000Hz
Erase Done.
Programming Done.
Verify OK.
</pre>
</body>
</html>
t2(void);
extra_credit_2.c(12): warning:  #1-D: last line of file ends without a newline
  */
extra_credit_2.c: 2 warnings, 0 errors
assembling extra_credit_4.s...
extra_credit_4.s(25): warning: A1313W: Missing END directive at end of file
extra_credit_4.s(25): warning: A1581W: Added 2 bytes of padding at address 0x32
linking...
Program Size: Code=3884 RO-data=4324 RW-data=68 ZI-data=1028  
".\ST7735.axf" - 0 Error(s), 6 Warning(s).
