<html>
<body>
<pre>
<h1>µVision Build Log</h1>
<h2>Project:</h2>
C:\Users\zacan\Dropbox\School\EE445L\ValvanoWare\GitHub\Lab1\Lab1\ST7735.uvproj
Project File Date:  01/28/2018

<h2>Output:</h2>
Build target 'ST7735'
compiling Lab1.c...
extra_credit_2.h(2): warning:  #1-D: last line of file ends without a newline
  void Test2(void);
Lab1.c(102): warning:  #177-D: variable "i" was declared but never referenced
  int main(void){uint32_t i;
Lab1.c(183): warning:  #1-D: last line of file ends without a newline
  }
Lab1.c: 3 warnings, 0 errors
assembling extra_credit_4.s...
extra_credit_4.s(25): warning: A1313W: Missing END directive at end of file
extra_credit_4.s(25): warning: A1581W: Added 2 bytes of padding at address 0x32
linking...
Program Size: Code=2156 RO-data=2052 RW-data=52 ZI-data=1028  
".\ST7735.axf" - 0 Error(s), 5 Warning(s).
</pre>
</body>
</html>
(24): warning: A1313W: Missing END directive at end of file
extra_credit_4.s(24): warning: A1581W: Added 2 bytes of padding at address 0x32
linking...
Program Size: Code=3296 RO-data=2052 RW-data=52 ZI-data=1028  
".\ST7735.axf" - 0 Error(s), 7 Warning(s).
.s...
extra_credit_3.s(24): warning: A1313W: Missing END directive at end of file
extra_credit_3.s(24): warning: A1581W: Added 2 bytes of padding at address 0x32
linking...
Program Size: Code=2092 RO-data=2052 RW-data=44 ZI-data=1028  
".\ST7735.axf" - 0 Error(s), 8 Warning(s).
t_3.s(16): error: A1854E: Unknown opcode 'VCVT.F32.U32', maybe wrong target CPU?
extra_credit_3.s(17): error: A1854E: Unknown opcode 'VMUL.F32', maybe wrong target CPU?
extra_credit_3.s(18): error: A1854E: Unknown opcode 'VADD.F32', maybe wrong target CPU?
extra_credit_3.s(19): error: A1854E: Unknown opcode 'VSTR.F32', maybe wrong target CPU?
extra_credit_3.s(24): warning: A1313W: Missing END directive at end of file
".\ST7735.axf" - 7 Error(s), 7 Warning(s).
Target not created
