<html>
<body>
<pre>
<h1>µVision Build Log</h1>
<h2>Project:</h2>
C:\Users\zacan\Dropbox\School\EE445L\ValvanoWare\GitHub\Lab1\Lab1\ST7735.uvproj
Project File Date:  01/24/2018

<h2>Output:</h2>
Rebuild target 'ST7735'
assembling startup.s...
compiling PLL.c...
compiling ST7735.c...
compiling ST7735TestMain.c...
ST7735TestMain.c(757): warning:  #1-D: last line of file ends without a newline
  */
ST7735TestMain.c: 1 warning, 0 errors
compiling fixed.c...
compiling Lab1.c...
linking...
Program Size: Code=3856 RO-data=4324 RW-data=68 ZI-data=1028  
".\ST7735.axf" - 0 Error(s), 1 Warning(s).
Load "C:\\Users\\zacan\\Dropbox\\School\\EE445L\\ValvanoWare\\GitHub\\Lab1\\Lab1\\ST7735.axf" 
Connecting: Mode=JTAG, Speed=1000000Hz
Erase Done.
Programming Done.
Verify OK.
