<html>
<body>
<pre>
<h1>µVision Build Log</h1>
<h2>Project:</h2>
C:\Users\zacan\Dropbox\School\EE445L\ValvanoWare\GitHub\Lab1\Lab1\ST7735.uvproj
Project File Date:  01/23/2018

<h2>Output:</h2>
Build target 'ST7735'
compiling fixed.c...
linking...
Program Size: Code=3460 RO-data=4324 RW-data=64 ZI-data=1024  
".\ST7735.axf" - 0 Error(s), 0 Warning(s).
Load "C:\\Users\\zacan\\Dropbox\\School\\EE445L\\ValvanoWare\\GitHub\\Lab1\\Lab1\\ST7735.axf" 
Connecting: Mode=JTAG, Speed=1000000Hz
Erase Done.
Programming Done.
Verify OK.
ata=64 ZI-data=1024  
".\ST7735.axf" - 0 Error(s), 2 Warning(s).
Load "C:\\Users\\zacan\\Dropbox\\School\\EE445L\\ValvanoWare\\GitHub\\Lab1\\Lab1\\ST7735.axf" 
Connecting: Mode=JTAG, Speed=1000000Hz
Erase Done.
Programming Done.
Verify OK.
data=64 ZI-data=1024  
".\ST7735.axf" - 0 Error(s), 3 Warning(s).
Load "C:\\Users\\zacan\\Dropbox\\School\\EE445L\\ValvanoWare\\GitHub\\Lab1\\Lab1\\ST7735.axf" 
Connecting: Mode=JTAG, Speed=1000000Hz
Erase Done.
Programming Done.
Verify OK.
.axf" - 2 Error(s), 3 Warning(s).
Target not created
, 2 Warning(s).
Target not created
ation to list image symbols.
Not enough information to list the image map.
Finished: 2 information, 0 warning and 5 error messages.
".\ST7735.axf" - 5 Error(s), 2 Warning(s).
Target not created
 5 Warning(s).
Target not created
Load "C:\\Users\\zacan\\Dropbox\\School\\EE445L\\ValvanoWare\\GitHub\\Lab1\\Lab1\\ST7735.axf" 
_____^
*** error 56: cannot open file
Error: Flash Download failed  -  Could not load file 'C:\Users\zacan\Dropbox\School\EE445L\ValvanoWare\GitHub\Lab1\Lab1\ST7735.axf'
