<html>
<body>
<pre>
<h1>µVision Build Log</h1>
<h2>Project:</h2>
C:\Users\zacan\Dropbox\School\EE445L\ValvanoWare\GitHub\Lab4\CC3100GetWeather_4C123\getWeather.uvproj
Project File Date:  02/14/2018

<h2>Output:</h2>
Build target 'getWeather'
compiling main.c...
linking...
Program Size: Code=15372 RO-data=4356 RW-data=100 ZI-data=19508  
After Build - User command #1: fromelf --bin --output .\rvmdk\cc31000_starter.bin .\rvmdk\cc31000_starter.axf
".\rvmdk\getWeather.axf" - 0 Error(s), 0 Warning(s).
