<html>
<body>
<pre>
<h1>µVision Build Log</h1>
<h2>Project:</h2>
C:\Users\zacan\Dropbox\School\EE445L\ValvanoWare\GitHub\Lab5\Lab5_DAC\PeriodicTimer0AInts.uvproj
Project File Date:  02/25/2018

<h2>Output:</h2>
Build target 'PeriodicTimer0AInts'
compiling main.c...
linking...
Program Size: Code=1556 RO-data=96 RW-data=8 ZI-data=1120  
".\PeriodicTimer0AInts.axf" - 0 Error(s), 0 Warning(s).
Load "C:\\Users\\zacan\\Dropbox\\School\\EE445L\\ValvanoWare\\GitHub\\Lab5\\Lab5_DAC\\PeriodicTimer0AInts.axf" 
Connecting: Mode=JTAG, Speed=1000000Hz
Erase Done.
Programming Done.
Verify OK.
ab5\\Lab5_DAC\\PeriodicTimer0AInts.axf" 
Connecting: Mode=JTAG, Speed=1000000Hz
Erase Done.
Programming Done.
Verify OK.

x\\School\\EE445L\\ValvanoWare\\GitHub\\Lab5\\Lab5_DAC\\PeriodicTimer0AInts.axf" 
Connecting: Mode=JTAG, Speed=1000000Hz
Erase Done.
Programming Done.
Verify OK.
oad "C:\\Users\\zacan\\Dropbox\\School\\EE445L\\ValvanoWare\\GitHub\\Lab5\\Lab5_DAC\\PeriodicTimer0AInts.axf" 
Connecting: Mode=JTAG, Speed=1000000Hz
Erase Done.
Programming Done.
Verify OK.
ash Download failed  -  Target DLL has been cancelled
Load "C:\\Users\\zacan\\Dropbox\\School\\EE445L\\ValvanoWare\\GitHub\\Lab5\\Lab5_DAC\\PeriodicTimer0AInts.axf" 
Connecting: Mode=JTAG, Speed=1000000Hz
Erase Done.
Programming Done.
Verify OK.
