<html>
<body>
<pre>
<h1>µVision Build Log</h1>
<h2>Project:</h2>
C:\Users\zacan\Dropbox\School\EE445L\ValvanoWare\GitHub\Lab5\Lab5_DAC\PeriodicTimer0AInts.uvproj
Project File Date:  02/25/2018

<h2>Output:</h2>
Build target 'PeriodicTimer0AInts'
compiling switch.c...
compiling timer0.c...
linking...
Program Size: Code=1556 RO-data=96 RW-data=8 ZI-data=1120  
".\PeriodicTimer0AInts.axf" - 0 Error(s), 0 Warning(s).
</pre>
</body>
</html>
g, 0 errors
compiling music.c...
compiling DAC.c...
compiling timer0.c...
timer0.c(82): warning:  #1-D: last line of file ends without a newline
  }
timer0.c: 1 warning, 0 errors
linking...
Program Size: Code=1556 RO-data=96 RW-data=8 ZI-data=1120  
".\PeriodicTimer0AInts.axf" - 0 Error(s), 2 Warning(s).
