<html>
<body>
<pre>
<h1>µVision Build Log</h1>
<h2>Project:</h2>
C:\Users\zacan\Dropbox\School\EE445L\ValvanoWare\GitHub\Lab2\Lab2\ADCSWTrigger.uvproj
Project File Date:  01/31/2018

<h2>Output:</h2>
Build target 'ADCSWTrigger'
compiling ADCTestMain.c...
ADCTestMain.c(97): warning:  #550-D: variable "jitter" was set but never used
        uint32_t jitter;
ADCTestMain.c: 1 warning, 0 errors
linking...
Program Size: Code=1888 RO-data=32 RW-data=20 ZI-data=9124  
".\ADCSWTrigger.axf" - 0 Error(s), 1 Warning(s).
Load "C:\\Users\\zacan\\Dropbox\\School\\EE445L\\ValvanoWare\\GitHub\\Lab2\\Lab2\\ADCSWTrigger.axf" 
Connecting: Mode=JTAG, Speed=1000000Hz
Erase Done.
Programming Done.
Verify OK.
</pre>
</body>
</html>
