<html>
<body>
<pre>
<h1>µVision Build Log</h1>
<h2>Project:</h2>
C:\Users\zacan\Dropbox\School\EE445L\ValvanoWare\GitHub\Lab2\Lab2\ADCSWTrigger.uvproj
Project File Date:  02/01/2018

<h2>Output:</h2>
Rebuild target 'ADCSWTrigger'
assembling startup.s...
compiling ADCSWTrigger.c...
compiling ADCTestMain.c...
ADCTestMain.c(98): warning:  #550-D: variable "jitter" was set but never used
        uint32_t jitter;
ADCTestMain.c: 1 warning, 0 errors
compiling PLL.c...
compiling Timer1.c...
compiling ST7735_Line.c...
compiling ST7735.c...
linking...
Program Size: Code=2960 RO-data=2052 RW-data=64 ZI-data=9120  
".\ADCSWTrigger.axf" - 0 Error(s), 1 Warning(s).
</pre>
</body>
</html>
