<html>
<body>
<pre>
<h1>µVision Build Log</h1>
<h2>Project:</h2>
C:\Users\zacan\Dropbox\School\EE445L\ValvanoWare\GitHub\Lab8\PWMDual_4C123\PWMDual.uvproj
Project File Date:  04/02/2018

<h2>Output:</h2>
Build target 'PWMDual'
compiling MotorController.c...
linking...
Program Size: Code=1536 RO-data=32 RW-data=4 ZI-data=1124  
".\PWMDual.axf" - 0 Error(s), 0 Warning(s).
Load "C:\\Users\\zacan\\Dropbox\\School\\EE445L\\ValvanoWare\\GitHub\\Lab8\\PWMDual_4C123\\PWMDual.axf" 
Connecting: Mode=JTAG, Speed=1000000Hz
Erase Done.
Programming Done.
Verify OK.
</pre>
</body>
</html>

