<html>
<body>
<pre>
<h1>µVision Build Log</h1>
<h2>Project:</h2>
C:\Users\zacan\Dropbox\School\EE445L\ValvanoWare\GitHub\Lab9\ADCSWTrigger_4C123\ADCSWTrigger.uvproj
Project File Date:  04/09/2018

<h2>Output:</h2>
Build target 'ADCSWTrigger'
compiling ADCTestMain.c...
data.h(12): warning:  #1-D: last line of file ends without a newline
  void Data_Process(int * data_dump);
ADCTestMain.c(125): warning:  #177-D: variable "i" was declared but never referenced
        int i = 0;
ADCTestMain.c: 2 warnings, 0 errors
linking...
Program Size: Code=2880 RO-data=2052 RW-data=48 ZI-data=1120  
".\ADCSWTrigger.axf" - 0 Error(s), 2 Warning(s).
Load "C:\\Users\\zacan\\Dropbox\\School\\EE445L\\ValvanoWare\\GitHub\\Lab9\\ADCSWTrigger_4C123\\ADCSWTrigger.axf" 
Connecting: Mode=JTAG, Speed=1000000Hz
Erase Done.
Programming Done.
Verify OK.
</pre>
</body>
</html>
rget DLL has been cancelled
Load "C:\\Users\\zacan\\Dropbox\\School\\EE445L\\ValvanoWare\\GitHub\\Lab9\\ADCSWTrigger_4C123\\ADCSWTrigger.axf" 
Connecting: Mode=JTAG, Speed=1000000Hz
Erase Done.
Programming Done.
Verify OK.
\\ADCSWTrigger_4C123\\ADCSWTrigger.axf" 
Connecting: Mode=JTAG, Speed=1000000Hz
Erase Done.
Programming Done.
Verify OK.
