<html>
<body>
<pre>
<h1>µVision Build Log</h1>
<h2>Project:</h2>
C:\Users\zacan\Dropbox\School\EE445L\ValvanoWare\GitHub\Lab9\ADCSWTrigger_4C123\ADCSWTrigger.uvproj
Project File Date:  04/11/2018

<h2>Output:</h2>
Build target 'ADCSWTrigger'
compiling data.c...
data.h(21): warning:  #1-D: last line of file ends without a newline
  void Data_Process(int * data_dump);
data.c(154): warning:  #1-D: last line of file ends without a newline
  }
data.c: 2 warnings, 0 errors
linking...
Program Size: Code=2380 RO-data=32 RW-data=20 ZI-data=2324  
".\ADCSWTrigger.axf" - 0 Error(s), 2 Warning(s).
Load "C:\\Users\\zacan\\Dropbox\\School\\EE445L\\ValvanoWare\\GitHub\\Lab9\\ADCSWTrigger_4C123\\ADCSWTrigger.axf" 
Connecting: Mode=JTAG, Speed=1000000Hz
Erase Done.
Programming Done.
Verify OK.
</pre>
</body>
</html>
Trigger_4C123\\ADCSWTrigger.axf" 
Connecting: Mode=JTAG, Speed=1000000Hz
Erase Done.
Programming Done.
Verify OK.
32 RW-data=4 ZI-data=1124  
".\ADCSWTrigger.axf" - 0 Error(s), 5 Warning(s).
Load "C:\\Users\\zacan\\Dropbox\\School\\EE445L\\ValvanoWare\\GitHub\\Lab9\\ADCSWTrigger_4C123\\ADCSWTrigger.axf" 
Connecting: Mode=JTAG, Speed=1000000Hz
Erase Done.
Programming Done.
Verify OK.
